# step: go mod tidy
# step: git init --quiet
-- .air.toml --
# Live reload for development: run "make watch".
# Reference: https://github.com/air-verse/air/blob/master/air_example.toml
root = "."
tmp_dir = "tmp"

[build]
  cmd = "go build -o ./tmp/main ./cmd/api"
  entrypoint = ["./tmp/main"]
  include_ext = ["go"]
  exclude_dir = ["bin", "tmp", "vendor", "deploy"]
  exclude_regex = ["_test\\.go"]
  delay = 500 # ms
  stop_on_error = true
  send_interrupt = true
  kill_delay = "5s"

[misc]
  clean_on_exit = true
-- .dockerignore --
.git
.env
bin/
tmp/
deploy/
*.test
*.out
-- .env --
# Settings come from Azure Key Vault: a secret named DB-PASSWORD becomes
# DB_PASSWORD. Anything set here or in the real environment wins over the vault.
AZURE_KEY_VAULT_NAME=
-- .gitignore --
# Binaries
/bin/
/tmp/
*.exe
*.test

# Coverage
*.out

# Local environment
.env
-- Dockerfile --
# syntax=docker/dockerfile:1

FROM golang:1.24-alpine AS build
WORKDIR /src
COPY go.mod go.sum ./
RUN --mount=type=cache,target=/go/pkg/mod \
    go mod download
COPY . .
RUN --mount=type=cache,target=/go/pkg/mod \
    --mount=type=cache,target=/root/.cache/go-build \
    CGO_ENABLED=0 go build -trimpath -ldflags="-s -w" -o /out/ ./cmd/...

# distroless/static has CA certificates and runs as a non-root user.
FROM gcr.io/distroless/static-debian12:nonroot
COPY --from=build /out/api /api
# The worker ships in the same image; run it with entrypoint ["/worker"].
COPY --from=build /out/worker /worker
EXPOSE 8080
ENTRYPOINT ["/api"]
-- Makefile --
.PHONY: run watch build test tidy clean docker-build up down logs k8s k8s-apply run-worker deps-up

IMAGE := my-api

## Development

run:
	go run ./cmd/api

run-worker:
	go run ./cmd/worker

# Live reload with air; uses an installed air or falls back to go run.
watch:
	@if command -v air > /dev/null 2>&1; then air; else go run github.com/air-verse/air@latest; fi

# Builds every command in cmd/ into bin/.
build:
	go build -o bin/ ./cmd/...

test:
	go test ./...

tidy:
	go mod tidy

clean:
	rm -rf bin tmp

## Docker

docker-build:
	docker build -t $(IMAGE) .

up:
	docker compose up --build -d

down:
	docker compose down

logs:
	docker compose logs -f

## Kubernetes

# Print the manifests Kustomize renders from deploy/k8s.
k8s:
	kubectl kustomize deploy/k8s

k8s-apply:
	kubectl apply -k deploy/k8s

# Start only the services the app needs (db, rabbitmq), for
# "make run" or "make watch" on the host.
deps-up:
	docker compose up -d --wait db rabbitmq
-- README.md --
# my-api

Generated by [krok](https://github.com/DoIttikorn/krok) with **chi** and **postgres**, configured from **Azure Key Vault**.

Extras: rabbitmq.

## Run

Set `AZURE_KEY_VAULT_NAME` in `.env` and sign in to Azure first (see [Configuration](#configuration)):

```bash
az login
```

On your machine, with live reload:

```bash
make deps-up     # start db, rabbitmq in Docker
make watch       # API with live reload, or: make run
make run-worker  # background consumers, in another terminal
```

Everything in Docker:

```bash
make up      # docker compose up --build -d
make logs
make down
```

Then try the API:

```bash
curl -i -X POST localhost:8080/api/v1/items -d '{"name":"first"}'
curl localhost:8080/api/v1/items
curl localhost:8080/readyz
```

## Endpoints

| Method | Path | Description |
| --- | --- | --- |
| `GET` | `/api/v1/items` | List items |
| `POST` | `/api/v1/items` | Create an item: `{"name": "..."}` → `201` with `Location` |
| `GET` | `/api/v1/items/{id}` | Get an item |
| `PUT` | `/api/v1/items/{id}` | Replace an item |
| `DELETE` | `/api/v1/items/{id}` | Delete an item → `204` |
| `GET` | `/livez` | Liveness probe: the process is up. Ignores dependencies |
| `GET` | `/readyz` | Readiness probe: every dependency is up and the server isn't shutting down |
| `GET` | `/health` | Status of each dependency, for people and monitoring |

Errors use [RFC 9457](https://www.rfc-editor.org/rfc/rfc9457) problem details
(`application/problem+json`): `400` for malformed JSON, `404` for unknown IDs,
`422` for invalid input.

`items` is an example resource kept **in memory** (`internal/items`): each
replica has its own copy. Implement `items.Store` with your database before
running more than one replica, then use it as a template for your own
resources.

## Make targets

| Target | Description |
| --- | --- |
| `make run` | Run the API |
| `make watch` | Run with live reload ([air](https://github.com/air-verse/air), config in `.air.toml`) |
| `make run-worker` | Run the background worker (`cmd/worker`) |
| `make build` | Build every command into `bin/` |
| `make test` | Run tests |
| `make tidy` | Tidy `go.mod` |
| `make clean` | Remove build output |
| `make docker-build` | Build the Docker image `my-api` |
| `make up` / `make down` | Start / stop everything with Docker Compose |
| `make logs` | Follow Docker Compose logs |
| `make deps-up` | Start only db, rabbitmq in Docker |
| `make k8s` | Print the Kubernetes manifests (`kubectl kustomize deploy/k8s`) |
| `make k8s-apply` | Apply them to the current cluster |

## API and worker

The API (`cmd/api`) only publishes messages and enqueues work; the worker
(`cmd/worker`) consumes it. Both ship in the same Docker image: the default
entrypoint is `/api`, and the worker runs with entrypoint `/worker`. Deploy
them as separate Deployments so each scales on its own.

| Feature | Publish / enqueue (API) | Consume (worker) |
| --- | --- | --- |
| RabbitMQ | `rabbitmq.Client.Publish` | `rabbitmq.RunWorker`, queue `RABBITMQ_QUEUE` (default `events`) |

## Configuration

Settings are read from Azure Key Vault at startup (`internal/config`):

- Set `AZURE_KEY_VAULT_NAME` to the vault name (a full vault URL also works): in `.env` locally, as an app setting in Azure.
- Authentication uses `DefaultAzureCredential`: `az login` on your machine, a managed identity in Azure. In Docker Compose, pass a service principal via `AZURE_TENANT_ID`, `AZURE_CLIENT_ID` and `AZURE_CLIENT_SECRET`.
- The identity needs the **Key Vault Secrets User** role on the vault.
- Every enabled secret becomes an environment variable, with `-` turned into `_`: `DB-PASSWORD` → `DB_PASSWORD`.
- Variables already set in the environment or `.env` win over the vault. Docker Compose sets the `DB_*` values for its own database container.

| Secret | Variable | Default |
| --- | --- | --- |
| `PORT` | `PORT` | `8080` |
| `DB-HOST` | `DB_HOST` | `localhost` |
| `DB-PORT` | `DB_PORT` | `5432` |
| `DB-DATABASE` | `DB_DATABASE` | `my_api` |
| `DB-USERNAME` | `DB_USERNAME` | `app` |
| `DB-PASSWORD` | `DB_PASSWORD` | `secret` |
| `RABBITMQ-URL` | `RABBITMQ_URL` | `amqp://app:secret@localhost:5672/` |

## Kubernetes and high availability

`deploy/k8s` is a Kustomize base. Set the image in `kustomization.yaml`,
the host in `ingress.yaml`, the vault name in the deployments
and the managed identity client ID in `serviceaccount.yaml`, then run
`make k8s-apply`.

What keeps the API available:

- **At least two replicas** (HorizontalPodAutoscaler, 2 to 10 on CPU),
  spread across nodes and zones.
- **Probes**: liveness (`/livez`) restarts a stuck process but ignores
  dependencies, so a database outage doesn't restart every pod; readiness
  (`/readyz`) takes a pod out of the Service while a dependency is down.
- **Zero-downtime rollouts**: `maxUnavailable: 0`, and on SIGTERM the server
  fails `/readyz`, waits `SHUTDOWN_DELAY` (5s in the manifest, 0 locally) for
  ingress-nginx to stop routing to it, then drains in-flight requests.
- **PodDisruptionBudget**: node drains evict one pod at a time.
- **Worker**: its own Deployment (2 replicas) with probes on port 8081
  (`HEALTH_PORT`).
-- cmd/api/main.go --
package main

import (
	"context"
	"errors"
	"log"
	"net/http"
	"os/signal"
	"syscall"
	"time"

	"github.com/example/my-api/internal/config"
	"github.com/example/my-api/internal/server"
)

func main() {
	ctx, stop := signal.NotifyContext(context.Background(), syscall.SIGINT, syscall.SIGTERM)
	defer stop()

	if err := config.Load(ctx); err != nil {
		log.Fatalf("load config: %v", err)
	}

	srv, err := server.New(ctx)
	if err != nil {
		log.Fatalf("create server: %v", err)
	}
	defer srv.Close()

	errCh := make(chan error, 1)
	go func() {
		log.Printf("listening on %s", srv.Addr())
		errCh <- srv.ListenAndServe()
	}()

	select {
	case err := <-errCh:
		if !errors.Is(err, http.ErrServerClosed) {
			log.Printf("server error: %v", err)
		}
		return
	case <-ctx.Done():
	}

	// Keep this below the pod's terminationGracePeriodSeconds (30s).
	log.Println("shutting down")
	shutdownCtx, cancel := context.WithTimeout(context.Background(), 25*time.Second)
	defer cancel()
	if err := srv.Shutdown(shutdownCtx); err != nil {
		log.Printf("shutdown: %v", err)
	}
}
-- cmd/worker/main.go --
// Command worker runs the background consumers. Deploy it separately from
// the API so each can scale on its own.
package main

import (
	"context"
	"errors"
	"fmt"
	"log"
	"net/http"
	"os"
	"os/signal"
	"sync"
	"syscall"
	"time"

	"github.com/example/my-api/internal/config"
	"github.com/example/my-api/internal/rabbitmq"
)

func main() {
	ctx, stop := signal.NotifyContext(context.Background(), syscall.SIGINT, syscall.SIGTERM)
	defer stop()

	if err := config.Load(ctx); err != nil {
		log.Fatalf("load config: %v", err)
	}

	probes := probeServer()
	go func() {
		if err := probes.ListenAndServe(); err != nil && !errors.Is(err, http.ErrServerClosed) {
			log.Printf("probe server: %v", err)
		}
	}()
	defer probes.Close()

	err := run(ctx, map[string]func(context.Context) error{
		"rabbitmq": rabbitmq.RunWorker,
	})
	if err != nil {
		log.Fatalf("worker: %v", err)
	}
	log.Println("worker stopped")
}

// probeServer serves /livez and /readyz on HEALTH_PORT (default 8081) for
// Kubernetes. The worker takes no traffic, so both only report that the
// process is up; if a consumer fails, run returns and the process exits, and
// Kubernetes restarts the pod.
func probeServer() *http.Server {
	ok := func(w http.ResponseWriter, r *http.Request) {
		w.Header().Set("Content-Type", "application/json")
		fmt.Fprintln(w, `{"status":"up"}`)
	}
	mux := http.NewServeMux()
	mux.HandleFunc("GET /livez", ok)
	mux.HandleFunc("GET /readyz", ok)
	port := os.Getenv("HEALTH_PORT")
	if port == "" {
		port = "8081"
	}
	return &http.Server{Addr: ":" + port, Handler: mux, ReadHeaderTimeout: 5 * time.Second}
}

// run starts every worker and waits for all of them. When one fails, the
// others are stopped and its error is returned.
func run(ctx context.Context, workers map[string]func(context.Context) error) error {
	ctx, cancel := context.WithCancel(ctx)
	defer cancel()

	errs := make(chan error, len(workers))
	var wg sync.WaitGroup
	for name, work := range workers {
		wg.Add(1)
		go func() {
			defer wg.Done()
			log.Printf("%s: started", name)
			if err := work(ctx); err != nil {
				errs <- fmt.Errorf("%s: %w", name, err)
				cancel()
			}
		}()
	}
	wg.Wait()
	close(errs)
	return <-errs // the first error, or nil
}
-- deploy/k8s/deployment.yaml --
apiVersion: apps/v1
kind: Deployment
metadata:
  name: my-api
  labels:
    app.kubernetes.io/name: my-api
    app.kubernetes.io/component: api
spec:
  # No replicas field: the HorizontalPodAutoscaler owns it (minimum 2).
  revisionHistoryLimit: 5
  strategy:
    type: RollingUpdate
    rollingUpdate:
      maxUnavailable: 0 # keep full capacity during a rollout
      maxSurge: 1
  selector:
    matchLabels:
      app.kubernetes.io/name: my-api
      app.kubernetes.io/component: api
  template:
    metadata:
      labels:
        app.kubernetes.io/name: my-api
        app.kubernetes.io/component: api
        azure.workload.identity/use: "true"
    spec:
      serviceAccountName: my-api
      terminationGracePeriodSeconds: 30
      # Spread replicas across nodes and zones so one failure can't take
      # them all down.
      topologySpreadConstraints:
        - maxSkew: 1
          topologyKey: kubernetes.io/hostname
          whenUnsatisfiable: ScheduleAnyway
          labelSelector:
            matchLabels:
              app.kubernetes.io/name: my-api
              app.kubernetes.io/component: api
        - maxSkew: 1
          topologyKey: topology.kubernetes.io/zone
          whenUnsatisfiable: ScheduleAnyway
          labelSelector:
            matchLabels:
              app.kubernetes.io/name: my-api
              app.kubernetes.io/component: api
      securityContext:
        runAsNonRoot: true
        runAsUser: 65532 # the distroless "nonroot" user
        seccompProfile:
          type: RuntimeDefault
      containers:
        - name: api
          image: my-api
          ports:
            - name: http
              containerPort: 8080
          env:
            - name: PORT
              value: "8080"
            # On SIGTERM, fail /readyz and wait this long before closing the
            # listener, so ingress-nginx stops sending requests first.
            - name: SHUTDOWN_DELAY
              value: 5s
            - name: AZURE_KEY_VAULT_NAME
              value: your-key-vault # TODO
          # Settings from a Secret, if present:
          #   kubectl create secret generic my-api-env --from-env-file=.env
          envFrom:
            - secretRef:
                name: my-api-env
                optional: true
          # Gives a slow start up to 60s before liveness checks begin.
          startupProbe:
            httpGet:
              path: /livez
              port: http
            periodSeconds: 2
            failureThreshold: 30
          # Restarts the container only if the process stops answering.
          livenessProbe:
            httpGet:
              path: /livez
              port: http
            periodSeconds: 10
            timeoutSeconds: 2
            failureThreshold: 3
          # Takes the pod out of the Service while a dependency is down or
          # while it shuts down.
          readinessProbe:
            httpGet:
              path: /readyz
              port: http
            periodSeconds: 5
            timeoutSeconds: 3
            failureThreshold: 2
          resources:
            requests:
              cpu: 100m
              memory: 64Mi
            limits:
              memory: 256Mi
          securityContext:
            allowPrivilegeEscalation: false
            readOnlyRootFilesystem: true
            capabilities:
              drop: ["ALL"]
-- deploy/k8s/hpa.yaml --
apiVersion: autoscaling/v2
kind: HorizontalPodAutoscaler
metadata:
  name: my-api
  labels:
    app.kubernetes.io/name: my-api
    app.kubernetes.io/component: api
spec:
  scaleTargetRef:
    apiVersion: apps/v1
    kind: Deployment
    name: my-api
  minReplicas: 2 # at least two, so one can restart without downtime
  maxReplicas: 10
  metrics:
    - type: Resource
      resource:
        name: cpu
        target:
          type: Utilization
          averageUtilization: 70
-- deploy/k8s/ingress.yaml --
apiVersion: networking.k8s.io/v1
kind: Ingress
metadata:
  name: my-api
  labels:
    app.kubernetes.io/name: my-api
    app.kubernetes.io/component: api
spec:
  ingressClassName: nginx
  rules:
    - host: my-api.example.com # TODO: your host
      http:
        paths:
          - path: /
            pathType: Prefix
            backend:
              service:
                name: my-api
                port:
                  name: http
-- deploy/k8s/kustomization.yaml --
apiVersion: kustomize.config.k8s.io/v1beta1
kind: Kustomization

# namespace: my-api

labels:
  - pairs:
      app.kubernetes.io/part-of: my-api

resources:
  - deployment.yaml
  - service.yaml
  - ingress.yaml
  - pdb.yaml
  - hpa.yaml
  - worker-deployment.yaml
  - worker-pdb.yaml
  - serviceaccount.yaml

# Point this at your registry, or run:
#   kustomize edit set image my-api=registry.example.com/my-api:v1.0.0
images:
  - name: my-api
    newName: registry.example.com/my-api
    newTag: latest
-- deploy/k8s/pdb.yaml --
# Node drains and cluster upgrades evict at most one API pod at a time.
apiVersion: policy/v1
kind: PodDisruptionBudget
metadata:
  name: my-api
  labels:
    app.kubernetes.io/name: my-api
    app.kubernetes.io/component: api
spec:
  maxUnavailable: 1
  selector:
    matchLabels:
      app.kubernetes.io/name: my-api
      app.kubernetes.io/component: api
-- deploy/k8s/service.yaml --
apiVersion: v1
kind: Service
metadata:
  name: my-api
  labels:
    app.kubernetes.io/name: my-api
    app.kubernetes.io/component: api
spec:
  selector:
    app.kubernetes.io/name: my-api
    app.kubernetes.io/component: api
  ports:
    - name: http
      port: 80
      targetPort: http
-- deploy/k8s/serviceaccount.yaml --
# Azure Workload Identity: pods using this account get a token for the
# managed identity below, which DefaultAzureCredential uses to read Key Vault.
apiVersion: v1
kind: ServiceAccount
metadata:
  name: my-api
  labels:
    app.kubernetes.io/name: my-api
  annotations:
    # Client ID of a managed identity with "Key Vault Secrets User" on the vault.
    azure.workload.identity/client-id: 00000000-0000-0000-0000-000000000000 # TODO
-- deploy/k8s/worker-deployment.yaml --
apiVersion: apps/v1
kind: Deployment
metadata:
  name: my-api-worker
  labels:
    app.kubernetes.io/name: my-api
    app.kubernetes.io/component: worker
spec:
  replicas: 2
  revisionHistoryLimit: 5
  selector:
    matchLabels:
      app.kubernetes.io/name: my-api
      app.kubernetes.io/component: worker
  template:
    metadata:
      labels:
        app.kubernetes.io/name: my-api
        app.kubernetes.io/component: worker
        azure.workload.identity/use: "true"
    spec:
      serviceAccountName: my-api
      terminationGracePeriodSeconds: 30
      topologySpreadConstraints:
        - maxSkew: 1
          topologyKey: kubernetes.io/hostname
          whenUnsatisfiable: ScheduleAnyway
          labelSelector:
            matchLabels:
              app.kubernetes.io/name: my-api
              app.kubernetes.io/component: worker
      securityContext:
        runAsNonRoot: true
        runAsUser: 65532
        seccompProfile:
          type: RuntimeDefault
      containers:
        - name: worker
          image: my-api
          command: ["/worker"]
          ports:
            - name: health
              containerPort: 8081
          env:
            - name: AZURE_KEY_VAULT_NAME
              value: your-key-vault # TODO
          envFrom:
            - secretRef:
                name: my-api-env
                optional: true
          livenessProbe:
            httpGet:
              path: /livez
              port: health
            periodSeconds: 10
            timeoutSeconds: 2
            failureThreshold: 3
          readinessProbe:
            httpGet:
              path: /readyz
              port: health
            periodSeconds: 10
            timeoutSeconds: 2
          resources:
            requests:
              cpu: 100m
              memory: 64Mi
            limits:
              memory: 256Mi
          securityContext:
            allowPrivilegeEscalation: false
            readOnlyRootFilesystem: true
            capabilities:
              drop: ["ALL"]
-- deploy/k8s/worker-pdb.yaml --
apiVersion: policy/v1
kind: PodDisruptionBudget
metadata:
  name: my-api-worker
  labels:
    app.kubernetes.io/name: my-api
    app.kubernetes.io/component: worker
spec:
  maxUnavailable: 1
  selector:
    matchLabels:
      app.kubernetes.io/name: my-api
      app.kubernetes.io/component: worker
-- docker-compose.yml --
# Settings shared by the app and the worker.
x-app-env: &app-env
  PORT: "8080"
  DB_HOST: db
  DB_PORT: "5432"
  DB_DATABASE: ${DB_DATABASE:-my_api}
  DB_USERNAME: ${DB_USERNAME:-app}
  DB_PASSWORD: ${DB_PASSWORD:-secret}
  RABBITMQ_URL: amqp://app:secret@rabbitmq:5672/
  AZURE_KEY_VAULT_NAME: ${AZURE_KEY_VAULT_NAME:-}
  # A container can't use your "az login"; pass a service principal instead.
  AZURE_TENANT_ID: ${AZURE_TENANT_ID:-}
  AZURE_CLIENT_ID: ${AZURE_CLIENT_ID:-}
  AZURE_CLIENT_SECRET: ${AZURE_CLIENT_SECRET:-}

x-app-depends: &app-depends
  db:
    condition: service_healthy
  rabbitmq:
    condition: service_healthy

services:
  app:
    build: .
    restart: unless-stopped
    ports:
      - "${PORT:-8080}:8080"
    environment: *app-env
    depends_on: *app-depends

  worker:
    build: .
    entrypoint: ["/worker"]
    restart: unless-stopped
    environment: *app-env
    depends_on: *app-depends

  db:
    image: postgres:17-alpine
    restart: unless-stopped
    environment:
      POSTGRES_USER: ${DB_USERNAME:-app}
      POSTGRES_PASSWORD: ${DB_PASSWORD:-secret}
      POSTGRES_DB: ${DB_DATABASE:-my_api}
    ports:
      - "${DB_PORT:-5432}:5432"
    volumes:
      - db_data:/var/lib/postgresql/data
    healthcheck:
      test: ["CMD-SHELL", "pg_isready -U $${POSTGRES_USER} -d $${POSTGRES_DB}"]
      interval: 5s
      timeout: 5s
      retries: 10

  rabbitmq:
    image: rabbitmq:4-management-alpine
    restart: unless-stopped
    environment:
      RABBITMQ_DEFAULT_USER: app
      RABBITMQ_DEFAULT_PASS: secret
    ports:
      - "5672:5672"
      - "15672:15672" # management UI: http://localhost:15672
    healthcheck:
      test: ["CMD", "rabbitmq-diagnostics", "-q", "ping"]
      interval: 10s
      timeout: 10s
      retries: 10

volumes:
  db_data:
-- go.mod --
module github.com/example/my-api

go 1.24
-- internal/config/config.go --
// Package config loads settings into the process environment before the
// rest of the app reads them with os.Getenv.
package config

import (
	"context"
	"errors"
	"fmt"
	"io/fs"
	"os"
	"strings"
	"time"

	"github.com/Azure/azure-sdk-for-go/sdk/azidentity"
	"github.com/Azure/azure-sdk-for-go/sdk/security/keyvault/azsecrets"
	"github.com/joho/godotenv"
)

// Load copies every enabled secret from the Azure Key Vault named by
// AZURE_KEY_VAULT_NAME into the environment. A secret named DB-PASSWORD
// becomes DB_PASSWORD. Variables already set, in the real environment or in
// an optional .env file, take precedence over the vault so you can override
// a single value locally.
//
// Authentication uses DefaultAzureCredential: "az login" on a developer
// machine, managed identity or workload identity in Azure. The identity needs
// the "Key Vault Secrets User" role on the vault.
func Load(ctx context.Context) error {
	if err := godotenv.Load(); err != nil && !errors.Is(err, fs.ErrNotExist) {
		return err
	}
	name := os.Getenv("AZURE_KEY_VAULT_NAME")
	if name == "" {
		return errors.New("AZURE_KEY_VAULT_NAME is not set")
	}

	cred, err := azidentity.NewDefaultAzureCredential(nil)
	if err != nil {
		return fmt.Errorf("azure credential: %w", err)
	}
	client, err := azsecrets.NewClient(VaultURL(name), cred, nil)
	if err != nil {
		return fmt.Errorf("key vault client: %w", err)
	}

	ctx, cancel := context.WithTimeout(ctx, 30*time.Second)
	defer cancel()

	pager := client.NewListSecretPropertiesPager(nil)
	for pager.More() {
		page, err := pager.NextPage(ctx)
		if err != nil {
			return fmt.Errorf("list secrets in %s: %w", name, err)
		}
		for _, p := range page.Value {
			if skip(p) {
				continue
			}
			key := EnvKey(p.ID.Name())
			if _, set := os.LookupEnv(key); set {
				continue
			}
			resp, err := client.GetSecret(ctx, p.ID.Name(), "", nil)
			if err != nil {
				return fmt.Errorf("get secret %s: %w", p.ID.Name(), err)
			}
			if resp.Value == nil {
				continue
			}
			if err := os.Setenv(key, *resp.Value); err != nil {
				return err
			}
		}
	}
	return nil
}

// skip reports whether a secret should not be loaded: disabled secrets and
// the ones Key Vault manages to back certificates.
func skip(p *azsecrets.SecretProperties) bool {
	if p.ID == nil {
		return true
	}
	if p.Managed != nil && *p.Managed {
		return true
	}
	return p.Attributes != nil && p.Attributes.Enabled != nil && !*p.Attributes.Enabled
}

// VaultURL turns a vault name into its URL. A full URL is returned as is,
// for sovereign clouds such as https://my-vault.vault.azure.cn/.
func VaultURL(name string) string {
	if strings.Contains(name, "://") {
		return name
	}
	return "https://" + name + ".vault.azure.net/"
}

// EnvKey maps a Key Vault secret name to an environment variable name.
// Secret names allow only letters, digits and dashes.
func EnvKey(secret string) string {
	return strings.ToUpper(strings.ReplaceAll(secret, "-", "_"))
}
-- internal/config/config_test.go --
package config

import (
	"context"
	"strings"
	"testing"
)

func TestEnvKey(t *testing.T) {
	tests := map[string]string{
		"DB-PASSWORD": "DB_PASSWORD",
		"db-host":     "DB_HOST",
		"PORT":        "PORT",
	}
	for in, want := range tests {
		if got := EnvKey(in); got != want {
			t.Errorf("EnvKey(%q) = %q, want %q", in, got, want)
		}
	}
}

func TestVaultURL(t *testing.T) {
	if got, want := VaultURL("my-vault"), "https://my-vault.vault.azure.net/"; got != want {
		t.Errorf("VaultURL(name) = %q, want %q", got, want)
	}
	url := "https://my-vault.vault.azure.cn/"
	if got := VaultURL(url); got != url {
		t.Errorf("VaultURL(url) = %q, want %q", got, url)
	}
}

func TestLoadRequiresVaultName(t *testing.T) {
	t.Setenv("AZURE_KEY_VAULT_NAME", "")
	err := Load(context.Background())
	if err == nil || !strings.Contains(err.Error(), "AZURE_KEY_VAULT_NAME") {
		t.Fatalf("err = %v, want AZURE_KEY_VAULT_NAME is not set", err)
	}
}
-- internal/database/database.go --
package database

import (
	"context"
	"database/sql"
	"net"
	"net/url"
	"os"
	"time"

	_ "github.com/jackc/pgx/v5/stdlib"
)

// Service is the database dependency the server uses.
type Service interface {
	// Check pings the database; the server's /health uses it.
	Check(ctx context.Context) error
	// SQL returns the underlying connection pool for queries.
	SQL() *sql.DB
	Close() error
}

type service struct {
	db *sql.DB
}

// New opens a PostgreSQL connection pool configured from environment
// variables. It does not wait for the database to be reachable.
func New() (Service, error) {
	db, err := sql.Open("pgx", DSN())
	if err != nil {
		return nil, err
	}
	db.SetMaxOpenConns(25)
	db.SetMaxIdleConns(25)
	db.SetConnMaxIdleTime(5 * time.Minute)
	return &service{db: db}, nil
}

func (s *service) Check(ctx context.Context) error { return s.db.PingContext(ctx) }

// DSN returns the PostgreSQL connection URL built from the DB_* settings.
func DSN() string {
	u := url.URL{
		Scheme:   "postgres",
		User:     url.UserPassword(getenv("DB_USERNAME", "app"), getenv("DB_PASSWORD", "secret")),
		Host:     net.JoinHostPort(getenv("DB_HOST", "localhost"), getenv("DB_PORT", "5432")),
		Path:     getenv("DB_DATABASE", "my_api"),
		RawQuery: "sslmode=" + getenv("DB_SSLMODE", "disable"),
	}
	return u.String()
}

func (s *service) SQL() *sql.DB { return s.db }

func (s *service) Close() error { return s.db.Close() }

func getenv(key, fallback string) string {
	if v, ok := os.LookupEnv(key); ok && v != "" {
		return v
	}
	return fallback
}
-- internal/items/items.go --
// Package items is an example REST resource: the model, the Store interface
// the handlers depend on, and an in-memory Store. Replace MemoryStore with a
// database-backed Store; the handlers don't change.
package items

import (
	"cmp"
	"context"
	"crypto/rand"
	"errors"
	"fmt"
	"slices"
	"strings"
	"sync"
	"time"
)

var (
	// ErrNotFound is returned when no item has the requested ID.
	ErrNotFound = errors.New("item not found")
	// ErrInvalid wraps validation errors in the input.
	ErrInvalid = errors.New("invalid item")
)

// Item is the resource returned by the API.
type Item struct {
	ID        string    `json:"id"`
	Name      string    `json:"name"`
	CreatedAt time.Time `json:"created_at"`
	UpdatedAt time.Time `json:"updated_at"`
}

// Input is the request body to create or replace an item.
type Input struct {
	Name string `json:"name"`
}

// Validate reports whether in can be stored.
func (in Input) Validate() error {
	name := strings.TrimSpace(in.Name)
	switch {
	case name == "":
		return fmt.Errorf("%w: name is required", ErrInvalid)
	case len(name) > 200:
		return fmt.Errorf("%w: name must be at most 200 characters", ErrInvalid)
	}
	return nil
}

// Store persists items.
type Store interface {
	List(ctx context.Context) ([]Item, error)
	Get(ctx context.Context, id string) (Item, error)
	Create(ctx context.Context, in Input) (Item, error)
	Update(ctx context.Context, id string, in Input) (Item, error)
	Delete(ctx context.Context, id string) error
}

// MemoryStore keeps items in memory. Each replica has its own copy and
// everything is lost on restart, so it is only for trying the API out.
type MemoryStore struct {
	mu    sync.RWMutex
	items map[string]Item
}

func NewMemoryStore() *MemoryStore {
	return &MemoryStore{items: map[string]Item{}}
}

// List returns every item, oldest first.
func (s *MemoryStore) List(ctx context.Context) ([]Item, error) {
	s.mu.RLock()
	defer s.mu.RUnlock()
	out := make([]Item, 0, len(s.items))
	for _, it := range s.items {
		out = append(out, it)
	}
	slices.SortFunc(out, func(a, b Item) int {
		return cmp.Or(a.CreatedAt.Compare(b.CreatedAt), strings.Compare(a.ID, b.ID))
	})
	return out, nil
}

func (s *MemoryStore) Get(ctx context.Context, id string) (Item, error) {
	s.mu.RLock()
	defer s.mu.RUnlock()
	it, ok := s.items[id]
	if !ok {
		return Item{}, fmt.Errorf("%w: %s", ErrNotFound, id)
	}
	return it, nil
}

func (s *MemoryStore) Create(ctx context.Context, in Input) (Item, error) {
	if err := in.Validate(); err != nil {
		return Item{}, err
	}
	now := time.Now().UTC()
	it := Item{ID: rand.Text(), Name: strings.TrimSpace(in.Name), CreatedAt: now, UpdatedAt: now}

	s.mu.Lock()
	defer s.mu.Unlock()
	s.items[it.ID] = it
	return it, nil
}

func (s *MemoryStore) Update(ctx context.Context, id string, in Input) (Item, error) {
	if err := in.Validate(); err != nil {
		return Item{}, err
	}
	s.mu.Lock()
	defer s.mu.Unlock()
	it, ok := s.items[id]
	if !ok {
		return Item{}, fmt.Errorf("%w: %s", ErrNotFound, id)
	}
	it.Name = strings.TrimSpace(in.Name)
	it.UpdatedAt = time.Now().UTC()
	s.items[id] = it
	return it, nil
}

func (s *MemoryStore) Delete(ctx context.Context, id string) error {
	s.mu.Lock()
	defer s.mu.Unlock()
	if _, ok := s.items[id]; !ok {
		return fmt.Errorf("%w: %s", ErrNotFound, id)
	}
	delete(s.items, id)
	return nil
}
-- internal/items/items_test.go --
package items

import (
	"context"
	"errors"
	"testing"
)

func TestMemoryStore(t *testing.T) {
	ctx := context.Background()
	s := NewMemoryStore()

	created, err := s.Create(ctx, Input{Name: "  first  "})
	if err != nil {
		t.Fatal(err)
	}
	if created.ID == "" || created.Name != "first" {
		t.Fatalf("Create = %+v, want an ID and a trimmed name", created)
	}

	updated, err := s.Update(ctx, created.ID, Input{Name: "renamed"})
	if err != nil {
		t.Fatal(err)
	}
	if updated.Name != "renamed" || !updated.CreatedAt.Equal(created.CreatedAt) {
		t.Errorf("Update = %+v, want new name and unchanged CreatedAt", updated)
	}

	list, err := s.List(ctx)
	if err != nil || len(list) != 1 {
		t.Fatalf("List = %v, %v; want one item", list, err)
	}

	if err := s.Delete(ctx, created.ID); err != nil {
		t.Fatal(err)
	}
	if _, err := s.Get(ctx, created.ID); !errors.Is(err, ErrNotFound) {
		t.Errorf("Get after Delete: err = %v, want ErrNotFound", err)
	}
}

func TestMemoryStoreErrors(t *testing.T) {
	ctx := context.Background()
	s := NewMemoryStore()

	if _, err := s.Create(ctx, Input{Name: "   "}); !errors.Is(err, ErrInvalid) {
		t.Errorf("Create blank name: err = %v, want ErrInvalid", err)
	}
	if _, err := s.Update(ctx, "missing", Input{Name: "x"}); !errors.Is(err, ErrNotFound) {
		t.Errorf("Update missing: err = %v, want ErrNotFound", err)
	}
	if err := s.Delete(ctx, "missing"); !errors.Is(err, ErrNotFound) {
		t.Errorf("Delete missing: err = %v, want ErrNotFound", err)
	}
}
-- internal/rabbitmq/rabbitmq.go --
// Package rabbitmq publishes and consumes RabbitMQ messages with amqp091-go.
// amqp091-go does not reconnect on its own, so both sides here do: the
// Client reconnects on its next use, and RunWorker reconnects with backoff.
package rabbitmq

import (
	"context"
	"errors"
	"log"
	"os"
	"sync"
	"time"

	amqp "github.com/rabbitmq/amqp091-go"
)

// URL returns RABBITMQ_URL, e.g. amqp://user:pass@host:5672/.
func URL() string { return getenv("RABBITMQ_URL", "amqp://app:secret@localhost:5672/") }

// Queue is the example queue: RABBITMQ_QUEUE, default "events".
func Queue() string { return getenv("RABBITMQ_QUEUE", "events") }

// dialTimeout bounds each connection attempt, so a health check can't hang.
const dialTimeout = 5 * time.Second

func dial() (*amqp.Connection, error) {
	return amqp.DialConfig(URL(), amqp.Config{Dial: amqp.DefaultDial(dialTimeout)})
}

// Client publishes messages. It connects on first use and reconnects after
// the connection drops, so /readyz recovers once RabbitMQ is back instead of
// keeping the pod out of the Service.
type Client struct {
	mu   sync.Mutex // guards conn and ch; amqp channels aren't safe for concurrent use
	conn *amqp.Connection
	ch   *amqp.Channel
}

// New validates RABBITMQ_URL. It does not connect yet.
func New() (*Client, error) {
	if _, err := amqp.ParseURI(URL()); err != nil {
		return nil, err
	}
	return &Client{}, nil
}

// channel returns an open channel, reconnecting if needed. c.mu must be held.
func (c *Client) channel() (*amqp.Channel, error) {
	if c.ch != nil && !c.ch.IsClosed() {
		return c.ch, nil
	}
	if c.conn != nil {
		c.conn.Close()
		c.conn, c.ch = nil, nil
	}
	conn, err := dial()
	if err != nil {
		return nil, err
	}
	ch, err := conn.Channel()
	if err != nil {
		conn.Close()
		return nil, err
	}
	c.conn, c.ch = conn, ch
	return ch, nil
}

// Publish sends a persistent message to queue, declaring it as durable first.
func (c *Client) Publish(ctx context.Context, queue string, body []byte) error {
	c.mu.Lock()
	defer c.mu.Unlock()
	ch, err := c.channel()
	if err != nil {
		return err
	}
	if _, err := ch.QueueDeclare(queue, true, false, false, false, nil); err != nil {
		return err
	}
	return ch.PublishWithContext(ctx, "", queue, false, false, amqp.Publishing{
		ContentType:  "application/json",
		DeliveryMode: amqp.Persistent,
		Body:         body,
	})
}

// Check reports whether RabbitMQ is reachable, reconnecting if needed;
// /readyz uses it.
func (c *Client) Check(context.Context) error {
	c.mu.Lock()
	defer c.mu.Unlock()
	_, err := c.channel()
	return err
}

func (c *Client) Close() error {
	c.mu.Lock()
	defer c.mu.Unlock()
	if c.conn == nil {
		return nil
	}
	return c.conn.Close()
}

// RunWorker consumes Queue() until ctx is done, reconnecting with backoff
// when RabbitMQ goes away, so the other consumers in cmd/worker keep running.
// Replace handleMessage with your own logic.
func RunWorker(ctx context.Context) error {
	const maxBackoff = 30 * time.Second
	backoff := time.Second
	for {
		connected, err := consume(ctx)
		if ctx.Err() != nil {
			return nil
		}
		if connected {
			backoff = time.Second
		}
		log.Printf("rabbitmq: %v; reconnecting in %s", err, backoff)
		select {
		case <-ctx.Done():
			return nil
		case <-time.After(backoff):
		}
		backoff = min(backoff*2, maxBackoff)
	}
}

// consume runs one connection until it fails or ctx is done. connected
// reports whether it got as far as consuming.
func consume(ctx context.Context) (connected bool, err error) {
	conn, err := dial()
	if err != nil {
		return false, err
	}
	defer conn.Close()
	ch, err := conn.Channel()
	if err != nil {
		return false, err
	}
	if _, err := ch.QueueDeclare(Queue(), true, false, false, false, nil); err != nil {
		return false, err
	}
	if err := ch.Qos(10, 0, false); err != nil {
		return false, err
	}
	deliveries, err := ch.Consume(Queue(), "", false, false, false, false, nil)
	if err != nil {
		return false, err
	}
	log.Printf("rabbitmq: consuming %s", Queue())

	for {
		select {
		case <-ctx.Done():
			return true, nil
		case d, ok := <-deliveries:
			if !ok {
				return true, errors.New("connection lost")
			}
			if err := handleMessage(ctx, d); err != nil {
				log.Printf("rabbitmq: handle message: %v", err)
				// Not requeued, to avoid redelivering a failing message
				// forever. Configure a dead-letter exchange to keep it.
				_ = d.Nack(false, false)
				continue
			}
			_ = d.Ack(false)
		}
	}
}

func handleMessage(ctx context.Context, d amqp.Delivery) error {
	log.Printf("rabbitmq: %s", d.Body)
	return nil
}

func getenv(key, fallback string) string {
	if v, ok := os.LookupEnv(key); ok && v != "" {
		return v
	}
	return fallback
}
-- internal/server/health.go --
package server

import (
	"context"
	"encoding/json"
	"log"
	"net/http"
	"time"
)

// livez is the liveness probe. It only reports that the process can serve
// HTTP and deliberately ignores dependencies: if it failed during a database
// outage, Kubernetes would restart every pod at once and make things worse.
func (s *Server) livez(w http.ResponseWriter, r *http.Request) {
	writeJSON(w, http.StatusOK, map[string]string{"status": "up"})
}

// readyz is the readiness probe. It fails while the server is shutting down
// or a dependency is down, so Kubernetes stops routing traffic to this pod
// without restarting it.
func (s *Server) readyz(w http.ResponseWriter, r *http.Request) {
	if s.draining.Load() {
		writeJSON(w, http.StatusServiceUnavailable, map[string]string{"status": "shutting down"})
		return
	}
	code, res := s.health(r.Context())
	writeJSON(w, code, res)
}

// healthz reports each dependency, for people and monitoring.
func (s *Server) healthz(w http.ResponseWriter, r *http.Request) {
	code, res := s.health(r.Context())
	writeJSON(w, code, res)
}

// health runs every check and reports each one as "up" or "down", plus the
// HTTP code to answer with.
func (s *Server) health(ctx context.Context) (int, map[string]string) {
	ctx, cancel := context.WithTimeout(ctx, 2*time.Second)
	defer cancel()

	code, res := http.StatusOK, map[string]string{"status": "up"}
	for name, check := range s.checks {
		if err := check(ctx); err != nil {
			log.Printf("health check %s: %v", name, err)
			res[name] = "down"
			res["status"] = "down"
			code = http.StatusServiceUnavailable
			continue
		}
		res[name] = "up"
	}
	return code, res
}

func writeJSON(w http.ResponseWriter, code int, v any) {
	w.Header().Set("Content-Type", "application/json")
	w.WriteHeader(code)
	if err := json.NewEncoder(w).Encode(v); err != nil {
		log.Printf("write response: %v", err)
	}
}
-- internal/server/health_test.go --
package server

import (
	"context"
	"errors"
	"net/http"
	"testing"
)

func TestProbes(t *testing.T) {
	s := newTestServer()
	h := s.Handler()
	for _, path := range []string{"/livez", "/readyz", "/health"} {
		if rec := do(t, h, http.MethodGet, path, "", nil); rec.Code != http.StatusOK {
			t.Errorf("GET %s = %d, want %d", path, rec.Code, http.StatusOK)
		}
	}
}

func TestReadyzFailsWhenDependencyIsDown(t *testing.T) {
	s := newTestServer()
	s.checks = map[string]func(context.Context) error{
		"database": func(context.Context) error { return errors.New("connection refused") },
	}
	h := s.Handler()

	var body map[string]string
	if rec := do(t, h, http.MethodGet, "/readyz", "", &body); rec.Code != http.StatusServiceUnavailable {
		t.Errorf("GET /readyz = %d, want %d", rec.Code, http.StatusServiceUnavailable)
	}
	if body["database"] != "down" {
		t.Errorf("body = %v, want database down", body)
	}
	// Liveness ignores dependencies, so the pod is not restarted.
	if rec := do(t, h, http.MethodGet, "/livez", "", nil); rec.Code != http.StatusOK {
		t.Errorf("GET /livez = %d, want %d", rec.Code, http.StatusOK)
	}
}

func TestReadyzFailsWhileDraining(t *testing.T) {
	s := newTestServer()
	s.draining.Store(true)
	h := s.Handler()

	if rec := do(t, h, http.MethodGet, "/readyz", "", nil); rec.Code != http.StatusServiceUnavailable {
		t.Errorf("GET /readyz = %d, want %d", rec.Code, http.StatusServiceUnavailable)
	}
	if rec := do(t, h, http.MethodGet, "/livez", "", nil); rec.Code != http.StatusOK {
		t.Errorf("GET /livez = %d, want %d", rec.Code, http.StatusOK)
	}
}
-- internal/server/items.go --
package server

import (
	"net/http"

	"github.com/go-chi/chi/v5"

	"github.com/example/my-api/internal/items"
)

func (s *Server) itemRoutes(r chi.Router) {
	r.Get("/", s.listItems)
	r.Post("/", s.createItem)
	r.Get("/{id}", s.getItem)
	r.Put("/{id}", s.updateItem)
	r.Delete("/{id}", s.deleteItem)
}

func (s *Server) listItems(w http.ResponseWriter, r *http.Request) {
	list, err := s.items.List(r.Context())
	if err != nil {
		writeProblem(w, err)
		return
	}
	writeJSON(w, http.StatusOK, itemList{Items: list})
}

func (s *Server) createItem(w http.ResponseWriter, r *http.Request) {
	var in items.Input
	if err := decodeJSON(r, &in); err != nil {
		writeProblem(w, err)
		return
	}
	it, err := s.items.Create(r.Context(), in)
	if err != nil {
		writeProblem(w, err)
		return
	}
	w.Header().Set("Location", "/api/v1/items/"+it.ID)
	writeJSON(w, http.StatusCreated, it)
}

func (s *Server) getItem(w http.ResponseWriter, r *http.Request) {
	it, err := s.items.Get(r.Context(), chi.URLParam(r, "id"))
	if err != nil {
		writeProblem(w, err)
		return
	}
	writeJSON(w, http.StatusOK, it)
}

func (s *Server) updateItem(w http.ResponseWriter, r *http.Request) {
	var in items.Input
	if err := decodeJSON(r, &in); err != nil {
		writeProblem(w, err)
		return
	}
	it, err := s.items.Update(r.Context(), chi.URLParam(r, "id"), in)
	if err != nil {
		writeProblem(w, err)
		return
	}
	writeJSON(w, http.StatusOK, it)
}

func (s *Server) deleteItem(w http.ResponseWriter, r *http.Request) {
	if err := s.items.Delete(r.Context(), chi.URLParam(r, "id")); err != nil {
		writeProblem(w, err)
		return
	}
	w.WriteHeader(http.StatusNoContent)
}
-- internal/server/items_test.go --
package server

import (
	"net/http"
	"strings"
	"testing"

	"github.com/example/my-api/internal/items"
)

// TestItemsAPI walks the /api/v1/items resource through its whole life cycle.
func TestItemsAPI(t *testing.T) {
	h := newTestServer().Handler()

	var created items.Item
	rec := do(t, h, http.MethodPost, "/api/v1/items", `{"name":"first"}`, &created)
	if rec.Code != http.StatusCreated {
		t.Fatalf("POST = %d, want %d: %s", rec.Code, http.StatusCreated, rec.Body)
	}
	if created.ID == "" || created.Name != "first" {
		t.Fatalf("POST body = %+v", created)
	}
	if got, want := rec.Header().Get("Location"), "/api/v1/items/"+created.ID; got != want {
		t.Errorf("Location = %q, want %q", got, want)
	}

	var list struct{ Items []items.Item }
	if rec := do(t, h, http.MethodGet, "/api/v1/items", "", &list); rec.Code != http.StatusOK || len(list.Items) != 1 {
		t.Errorf("GET list = %d with %d items, want 200 with 1", rec.Code, len(list.Items))
	}

	var updated items.Item
	if rec := do(t, h, http.MethodPut, "/api/v1/items/"+created.ID, `{"name":"renamed"}`, &updated); rec.Code != http.StatusOK || updated.Name != "renamed" {
		t.Errorf("PUT = %d %+v, want 200 renamed", rec.Code, updated)
	}

	var got items.Item
	if rec := do(t, h, http.MethodGet, "/api/v1/items/"+created.ID, "", &got); rec.Code != http.StatusOK || got.Name != "renamed" {
		t.Errorf("GET = %d %+v, want 200 renamed", rec.Code, got)
	}

	if rec := do(t, h, http.MethodDelete, "/api/v1/items/"+created.ID, "", nil); rec.Code != http.StatusNoContent {
		t.Errorf("DELETE = %d, want %d", rec.Code, http.StatusNoContent)
	}

	rec = do(t, h, http.MethodGet, "/api/v1/items/"+created.ID, "", nil)
	if rec.Code != http.StatusNotFound {
		t.Errorf("GET after DELETE = %d, want %d", rec.Code, http.StatusNotFound)
	}
	if ct := rec.Header().Get("Content-Type"); !strings.HasPrefix(ct, "application/problem+json") {
		t.Errorf("error Content-Type = %q, want application/problem+json", ct)
	}
}

func TestItemsAPIValidation(t *testing.T) {
	h := newTestServer().Handler()

	var p struct {
		Status int    `json:"status"`
		Detail string `json:"detail"`
	}
	rec := do(t, h, http.MethodPost, "/api/v1/items", `{"name":""}`, &p)
	if rec.Code != http.StatusUnprocessableEntity || p.Status != http.StatusUnprocessableEntity {
		t.Errorf("POST empty name = %d (body status %d), want %d", rec.Code, p.Status, http.StatusUnprocessableEntity)
	}

	if rec := do(t, h, http.MethodPut, "/api/v1/items/missing", `{"name":"x"}`, nil); rec.Code != http.StatusNotFound {
		t.Errorf("PUT missing = %d, want %d", rec.Code, http.StatusNotFound)
	}
	if rec := do(t, h, http.MethodPost, "/api/v1/items", `{not json`, nil); rec.Code != http.StatusBadRequest {
		t.Errorf("POST malformed JSON = %d, want %d", rec.Code, http.StatusBadRequest)
	}
}
-- internal/server/respond.go --
package server

import (
	"encoding/json"
	"errors"
	"fmt"
	"io"
	"log"
	"net/http"

	"github.com/example/my-api/internal/items"
)

// errBadRequest marks errors caused by a malformed request.
var errBadRequest = errors.New("bad request")

// maxBodyBytes limits the request bodies decodeJSON reads.
const maxBodyBytes = 1 << 20

// decodeJSON reads a JSON request body into v and rejects unknown fields.
func decodeJSON(r *http.Request, v any) error {
	dec := json.NewDecoder(io.LimitReader(r.Body, maxBodyBytes))
	dec.DisallowUnknownFields()
	if err := dec.Decode(v); err != nil {
		return fmt.Errorf("%w: invalid JSON body: %v", errBadRequest, err)
	}
	return nil
}

// itemList is the response body of GET /api/v1/items. An object rather than
// a bare array leaves room for pagination fields later.
type itemList struct {
	Items []items.Item `json:"items"`
}

// problem is an RFC 9457 error response body.
type problem struct {
	Title  string `json:"title"`
	Status int    `json:"status"`
	Detail string `json:"detail,omitempty"`
}

// writeProblem answers with the problem that matches err. Unexpected errors
// are logged and their details are not sent to the client.
func writeProblem(w http.ResponseWriter, err error) {
	status := http.StatusInternalServerError
	switch {
	case errors.Is(err, errBadRequest):
		status = http.StatusBadRequest
	case errors.Is(err, items.ErrNotFound):
		status = http.StatusNotFound
	case errors.Is(err, items.ErrInvalid):
		status = http.StatusUnprocessableEntity
	}
	p := problem{Title: http.StatusText(status), Status: status}
	if status == http.StatusInternalServerError {
		log.Printf("internal error: %v", err)
	} else {
		p.Detail = err.Error()
	}

	w.Header().Set("Content-Type", "application/problem+json")
	w.WriteHeader(status)
	if err := json.NewEncoder(w).Encode(p); err != nil {
		log.Printf("write response: %v", err)
	}
}
-- internal/server/routes.go --
package server

import (
	"github.com/go-chi/chi/v5"
	"github.com/go-chi/chi/v5/middleware"
	"net/http"
)

// RegisterRoutes returns the router with every API route mounted. The
// probes (/livez, /readyz, /health) are served by Handler.
func (s *Server) RegisterRoutes() http.Handler {
	r := chi.NewRouter()
	r.Use(middleware.Logger, middleware.Recoverer)

	r.Get("/", s.helloHandler)
	r.Route("/api/v1/items", s.itemRoutes)

	return r
}

func (s *Server) helloHandler(w http.ResponseWriter, r *http.Request) {
	writeJSON(w, http.StatusOK, map[string]string{"message": "Hello World"})
}
-- internal/server/routes_test.go --
package server

import (
	"encoding/json"
	"net/http"
	"net/http/httptest"
	"strings"
	"testing"

	"github.com/example/my-api/internal/items"
)

// newTestServer returns a Server without external dependencies, so every
// health check passes.
func newTestServer() *Server {
	return &Server{items: items.NewMemoryStore()}
}

// do sends a request through the full handler and decodes a JSON response
// into out, if out is not nil.
func do(t *testing.T, h http.Handler, method, path, body string, out any) *httptest.ResponseRecorder {
	t.Helper()
	req := httptest.NewRequest(method, path, strings.NewReader(body))
	if body != "" {
		req.Header.Set("Content-Type", "application/json")
	}
	rec := httptest.NewRecorder()
	h.ServeHTTP(rec, req)
	if out != nil {
		if err := json.Unmarshal(rec.Body.Bytes(), out); err != nil {
			t.Fatalf("%s %s: decode %q: %v", method, path, rec.Body.String(), err)
		}
	}
	return rec
}

func TestHello(t *testing.T) {
	var body map[string]string
	rec := do(t, newTestServer().Handler(), http.MethodGet, "/", "", &body)
	if rec.Code != http.StatusOK {
		t.Fatalf("status = %d, want %d", rec.Code, http.StatusOK)
	}
	if got, want := body["message"], "Hello World"; got != want {
		t.Errorf("message = %q, want %q", got, want)
	}
}
-- internal/server/server.go --
package server

import (
	"context"
	"fmt"
	"log"
	"net/http"
	"os"
	"sync/atomic"
	"time"

	"github.com/example/my-api/internal/items"

	"github.com/example/my-api/internal/database"
	"github.com/example/my-api/internal/rabbitmq"
)

// Server is the HTTP server and the dependencies its handlers need.
type Server struct {
	srv           *http.Server
	draining      atomic.Bool   // set by Shutdown; fails /readyz
	shutdownDelay time.Duration // SHUTDOWN_DELAY, see Shutdown
	closers       []func() error

	// checks are run by /readyz and /health, keyed by the name shown in the
	// response.
	checks   map[string]func(context.Context) error
	items    items.Store
	db       database.Service
	rabbitmq *rabbitmq.Client
}

// New connects the dependencies and builds the HTTP server. Call Close when
// done to release them.
func New(ctx context.Context) (*Server, error) {
	delay, err := time.ParseDuration(getenv("SHUTDOWN_DELAY", "0s"))
	if err != nil {
		return nil, fmt.Errorf("SHUTDOWN_DELAY: %w", err)
	}
	s := &Server{
		shutdownDelay: delay,
		checks:        map[string]func(context.Context) error{},
		// In memory, so every replica has its own items. Swap in a
		// database-backed items.Store before running more than one replica.
		items: items.NewMemoryStore(),
	}
	fail := func(what string, err error) (*Server, error) {
		s.Close()
		return nil, fmt.Errorf("%s: %w", what, err)
	}

	db, err := database.New()
	if err != nil {
		return fail("connect database", err)
	}
	s.db = db
	s.checks["database"] = db.Check
	s.closers = append(s.closers, db.Close)

	mq, err := rabbitmq.New()
	if err != nil {
		return fail("connect rabbitmq", err)
	}
	s.rabbitmq = mq
	s.checks["rabbitmq"] = mq.Check
	s.closers = append(s.closers, mq.Close)

	s.srv = &http.Server{
		Addr:              ":" + getenv("PORT", "8080"),
		Handler:           s.Handler(),
		ReadHeaderTimeout: 5 * time.Second,
		ReadTimeout:       10 * time.Second,
		WriteTimeout:      30 * time.Second,
		IdleTimeout:       time.Minute,
	}
	return s, nil
}

// Handler serves the probes and the API. The probes are mounted outside the
// framework router so they stay cheap and don't fill the request log.
func (s *Server) Handler() http.Handler {
	mux := http.NewServeMux()
	mux.HandleFunc("GET /livez", s.livez)
	mux.HandleFunc("GET /readyz", s.readyz)
	mux.HandleFunc("GET /health", s.healthz)
	mux.Handle("/", s.RegisterRoutes())
	return mux
}

// Addr is the address the server listens on, e.g. ":8080".
func (s *Server) Addr() string { return s.srv.Addr }

// ListenAndServe serves until Shutdown; it then returns http.ErrServerClosed.
func (s *Server) ListenAndServe() error { return s.srv.ListenAndServe() }

// Shutdown stops the server without dropping requests during a Kubernetes
// rolling update. It first fails /readyz so the pod is taken out of the
// Service, waits SHUTDOWN_DELAY for ingress-nginx to stop sending new
// requests, then stops listening and waits for in-flight requests to finish.
func (s *Server) Shutdown(ctx context.Context) error {
	s.draining.Store(true)
	if s.shutdownDelay > 0 {
		log.Printf("draining for %s", s.shutdownDelay)
		select {
		case <-time.After(s.shutdownDelay):
		case <-ctx.Done():
			return ctx.Err()
		}
	}
	return s.srv.Shutdown(ctx)
}

// Close releases the dependencies in reverse order of creation.
func (s *Server) Close() {
	for i := len(s.closers) - 1; i >= 0; i-- {
		if err := s.closers[i](); err != nil {
			log.Printf("close: %v", err)
		}
	}
}

func getenv(key, fallback string) string {
	if v, ok := os.LookupEnv(key); ok && v != "" {
		return v
	}
	return fallback
}
