# step: go mod tidy
# step: git init --quiet
-- .air.toml --
# Live reload for development: run "make watch".
# Reference: https://github.com/air-verse/air/blob/master/air_example.toml
root = "."
tmp_dir = "tmp"

[build]
  cmd = "go build -o ./tmp/main ./cmd/api"
  entrypoint = ["./tmp/main"]
  include_ext = ["go"]
  exclude_dir = ["bin", "tmp", "vendor", "deploy"]
  exclude_regex = ["_test\\.go"]
  delay = 500 # ms
  stop_on_error = true
  send_interrupt = true
  kill_delay = "5s"

[misc]
  clean_on_exit = true
-- .dockerignore --
.git
.env
bin/
tmp/
deploy/
*.test
*.out
-- .env --
PORT=8080
-- .gitignore --
# Binaries
/bin/
/tmp/
*.exe
*.test

# Coverage
*.out

# Local environment
.env
-- Dockerfile --
# syntax=docker/dockerfile:1

FROM golang:1.24-alpine AS build
WORKDIR /src
COPY go.mod go.sum ./
RUN --mount=type=cache,target=/go/pkg/mod \
    go mod download
COPY . .
RUN --mount=type=cache,target=/go/pkg/mod \
    --mount=type=cache,target=/root/.cache/go-build \
    CGO_ENABLED=0 go build -trimpath -ldflags="-s -w" -o /out/ ./cmd/...

# distroless/static has CA certificates and runs as a non-root user.
FROM gcr.io/distroless/static-debian12:nonroot
COPY --from=build /out/api /api
EXPOSE 8080
ENTRYPOINT ["/api"]
-- Makefile --
.PHONY: run watch build test tidy clean docker-build up down logs k8s k8s-apply

IMAGE := my-api

## Development

run:
	go run ./cmd/api

# Live reload with air; uses an installed air or falls back to go run.
watch:
	@if command -v air > /dev/null 2>&1; then air; else go run github.com/air-verse/air@latest; fi

# Builds every command in cmd/ into bin/.
build:
	go build -o bin/ ./cmd/...

test:
	go test ./...

tidy:
	go mod tidy

clean:
	rm -rf bin tmp

## Docker

docker-build:
	docker build -t $(IMAGE) .

up:
	docker compose up --build -d

down:
	docker compose down

logs:
	docker compose logs -f

## Kubernetes

# Print the manifests Kustomize renders from deploy/k8s.
k8s:
	kubectl kustomize deploy/k8s

k8s-apply:
	kubectl apply -k deploy/k8s
-- README.md --
# my-api

Generated by [krok](https://github.com/DoIttikorn/krok) with **echo**.

## Run

On your machine, with live reload:

```bash
make watch       # API with live reload, or: make run
```

Everything in Docker:

```bash
make up      # docker compose up --build -d
make logs
make down
```

Then try the API:

```bash
curl -i -X POST localhost:8080/api/v1/items -d '{"name":"first"}'
curl localhost:8080/api/v1/items
curl localhost:8080/readyz
```

## Endpoints

| Method | Path | Description |
| --- | --- | --- |
| `GET` | `/api/v1/items` | List items |
| `POST` | `/api/v1/items` | Create an item: `{"name": "..."}` → `201` with `Location` |
| `GET` | `/api/v1/items/{id}` | Get an item |
| `PUT` | `/api/v1/items/{id}` | Replace an item |
| `DELETE` | `/api/v1/items/{id}` | Delete an item → `204` |
| `GET` | `/livez` | Liveness probe: the process is up. Ignores dependencies |
| `GET` | `/readyz` | Readiness probe: every dependency is up and the server isn't shutting down |
| `GET` | `/health` | Status of each dependency, for people and monitoring |

Errors use [RFC 9457](https://www.rfc-editor.org/rfc/rfc9457) problem details
(`application/problem+json`): `400` for malformed JSON, `404` for unknown IDs,
`422` for invalid input.

`items` is an example resource kept **in memory** (`internal/items`): each
replica has its own copy. Implement `items.Store` with your database before
running more than one replica, then use it as a template for your own
resources.

## Make targets

| Target | Description |
| --- | --- |
| `make run` | Run the API |
| `make watch` | Run with live reload ([air](https://github.com/air-verse/air), config in `.air.toml`) |
| `make build` | Build every command into `bin/` |
| `make test` | Run tests |
| `make tidy` | Tidy `go.mod` |
| `make clean` | Remove build output |
| `make docker-build` | Build the Docker image `my-api` |
| `make up` / `make down` | Start / stop everything with Docker Compose |
| `make logs` | Follow Docker Compose logs |
| `make k8s` | Print the Kubernetes manifests (`kubectl kustomize deploy/k8s`) |
| `make k8s-apply` | Apply them to the current cluster |

## Configuration

Settings are read from environment variables; `.env` is loaded at startup (`internal/config`).

| Variable | Default |
| --- | --- |
| `PORT` | `8080` |

## Kubernetes and high availability

`deploy/k8s` is a Kustomize base. Set the image in `kustomization.yaml`,
the host in `ingress.yaml`, then run
`make k8s-apply`. Settings come from an optional Secret:
`kubectl create secret generic my-api-env --from-env-file=.env`.

What keeps the API available:

- **At least two replicas** (HorizontalPodAutoscaler, 2 to 10 on CPU),
  spread across nodes and zones.
- **Probes**: liveness (`/livez`) restarts a stuck process but ignores
  dependencies, so a database outage doesn't restart every pod; readiness
  (`/readyz`) takes a pod out of the Service while a dependency is down.
- **Zero-downtime rollouts**: `maxUnavailable: 0`, and on SIGTERM the server
  fails `/readyz`, waits `SHUTDOWN_DELAY` (5s in the manifest, 0 locally) for
  ingress-nginx to stop routing to it, then drains in-flight requests.
- **PodDisruptionBudget**: node drains evict one pod at a time.
-- cmd/api/main.go --
package main

import (
	"context"
	"errors"
	"log"
	"net/http"
	"os/signal"
	"syscall"
	"time"

	"github.com/example/my-api/internal/config"
	"github.com/example/my-api/internal/server"
)

func main() {
	ctx, stop := signal.NotifyContext(context.Background(), syscall.SIGINT, syscall.SIGTERM)
	defer stop()

	if err := config.Load(ctx); err != nil {
		log.Fatalf("load config: %v", err)
	}

	srv, err := server.New(ctx)
	if err != nil {
		log.Fatalf("create server: %v", err)
	}
	defer srv.Close()

	errCh := make(chan error, 1)
	go func() {
		log.Printf("listening on %s", srv.Addr())
		errCh <- srv.ListenAndServe()
	}()

	select {
	case err := <-errCh:
		if !errors.Is(err, http.ErrServerClosed) {
			log.Printf("server error: %v", err)
		}
		return
	case <-ctx.Done():
	}

	// Keep this below the pod's terminationGracePeriodSeconds (30s).
	log.Println("shutting down")
	shutdownCtx, cancel := context.WithTimeout(context.Background(), 25*time.Second)
	defer cancel()
	if err := srv.Shutdown(shutdownCtx); err != nil {
		log.Printf("shutdown: %v", err)
	}
}
-- deploy/k8s/deployment.yaml --
apiVersion: apps/v1
kind: Deployment
metadata:
  name: my-api
  labels:
    app.kubernetes.io/name: my-api
    app.kubernetes.io/component: api
spec:
  # No replicas field: the HorizontalPodAutoscaler owns it (minimum 2).
  revisionHistoryLimit: 5
  strategy:
    type: RollingUpdate
    rollingUpdate:
      maxUnavailable: 0 # keep full capacity during a rollout
      maxSurge: 1
  selector:
    matchLabels:
      app.kubernetes.io/name: my-api
      app.kubernetes.io/component: api
  template:
    metadata:
      labels:
        app.kubernetes.io/name: my-api
        app.kubernetes.io/component: api
    spec:
      terminationGracePeriodSeconds: 30
      # Spread replicas across nodes and zones so one failure can't take
      # them all down.
      topologySpreadConstraints:
        - maxSkew: 1
          topologyKey: kubernetes.io/hostname
          whenUnsatisfiable: ScheduleAnyway
          labelSelector:
            matchLabels:
              app.kubernetes.io/name: my-api
              app.kubernetes.io/component: api
        - maxSkew: 1
          topologyKey: topology.kubernetes.io/zone
          whenUnsatisfiable: ScheduleAnyway
          labelSelector:
            matchLabels:
              app.kubernetes.io/name: my-api
              app.kubernetes.io/component: api
      securityContext:
        runAsNonRoot: true
        runAsUser: 65532 # the distroless "nonroot" user
        seccompProfile:
          type: RuntimeDefault
      containers:
        - name: api
          image: my-api
          ports:
            - name: http
              containerPort: 8080
          env:
            - name: PORT
              value: "8080"
            # On SIGTERM, fail /readyz and wait this long before closing the
            # listener, so ingress-nginx stops sending requests first.
            - name: SHUTDOWN_DELAY
              value: 5s
          # Settings from a Secret, if present:
          #   kubectl create secret generic my-api-env --from-env-file=.env
          envFrom:
            - secretRef:
                name: my-api-env
                optional: true
          # Gives a slow start up to 60s before liveness checks begin.
          startupProbe:
            httpGet:
              path: /livez
              port: http
            periodSeconds: 2
            failureThreshold: 30
          # Restarts the container only if the process stops answering.
          livenessProbe:
            httpGet:
              path: /livez
              port: http
            periodSeconds: 10
            timeoutSeconds: 2
            failureThreshold: 3
          # Takes the pod out of the Service while a dependency is down or
          # while it shuts down.
          readinessProbe:
            httpGet:
              path: /readyz
              port: http
            periodSeconds: 5
            timeoutSeconds: 3
            failureThreshold: 2
          resources:
            requests:
              cpu: 100m
              memory: 64Mi
            limits:
              memory: 256Mi
          securityContext:
            allowPrivilegeEscalation: false
            readOnlyRootFilesystem: true
            capabilities:
              drop: ["ALL"]
-- deploy/k8s/hpa.yaml --
apiVersion: autoscaling/v2
kind: HorizontalPodAutoscaler
metadata:
  name: my-api
  labels:
    app.kubernetes.io/name: my-api
    app.kubernetes.io/component: api
spec:
  scaleTargetRef:
    apiVersion: apps/v1
    kind: Deployment
    name: my-api
  minReplicas: 2 # at least two, so one can restart without downtime
  maxReplicas: 10
  metrics:
    - type: Resource
      resource:
        name: cpu
        target:
          type: Utilization
          averageUtilization: 70
-- deploy/k8s/ingress.yaml --
apiVersion: networking.k8s.io/v1
kind: Ingress
metadata:
  name: my-api
  labels:
    app.kubernetes.io/name: my-api
    app.kubernetes.io/component: api
spec:
  ingressClassName: nginx
  rules:
    - host: my-api.example.com # TODO: your host
      http:
        paths:
          - path: /
            pathType: Prefix
            backend:
              service:
                name: my-api
                port:
                  name: http
-- deploy/k8s/kustomization.yaml --
apiVersion: kustomize.config.k8s.io/v1beta1
kind: Kustomization

# namespace: my-api

labels:
  - pairs:
      app.kubernetes.io/part-of: my-api

resources:
  - deployment.yaml
  - service.yaml
  - ingress.yaml
  - pdb.yaml
  - hpa.yaml

# Point this at your registry, or run:
#   kustomize edit set image my-api=registry.example.com/my-api:v1.0.0
images:
  - name: my-api
    newName: registry.example.com/my-api
    newTag: latest
-- deploy/k8s/pdb.yaml --
# Node drains and cluster upgrades evict at most one API pod at a time.
apiVersion: policy/v1
kind: PodDisruptionBudget
metadata:
  name: my-api
  labels:
    app.kubernetes.io/name: my-api
    app.kubernetes.io/component: api
spec:
  maxUnavailable: 1
  selector:
    matchLabels:
      app.kubernetes.io/name: my-api
      app.kubernetes.io/component: api
-- deploy/k8s/service.yaml --
apiVersion: v1
kind: Service
metadata:
  name: my-api
  labels:
    app.kubernetes.io/name: my-api
    app.kubernetes.io/component: api
spec:
  selector:
    app.kubernetes.io/name: my-api
    app.kubernetes.io/component: api
  ports:
    - name: http
      port: 80
      targetPort: http
-- docker-compose.yml --
# Settings shared by the app.
x-app-env: &app-env
  PORT: "8080"

services:
  app:
    build: .
    restart: unless-stopped
    ports:
      - "${PORT:-8080}:8080"
    environment: *app-env
-- go.mod --
module github.com/example/my-api

go 1.24
-- internal/config/config.go --
// Package config loads settings into the process environment before the
// rest of the app reads them with os.Getenv.
package config

import (
	"context"
	"errors"
	"io/fs"

	"github.com/joho/godotenv"
)

// Load reads .env into the environment if the file exists. Variables that
// are already set in the real environment are not overwritten.
func Load(ctx context.Context) error {
	if err := godotenv.Load(); err != nil && !errors.Is(err, fs.ErrNotExist) {
		return err
	}
	return nil
}
-- internal/items/items.go --
// Package items is an example REST resource: the model, the Store interface
// the handlers depend on, and an in-memory Store. Replace MemoryStore with a
// database-backed Store; the handlers don't change.
package items

import (
	"cmp"
	"context"
	"crypto/rand"
	"errors"
	"fmt"
	"slices"
	"strings"
	"sync"
	"time"
)

var (
	// ErrNotFound is returned when no item has the requested ID.
	ErrNotFound = errors.New("item not found")
	// ErrInvalid wraps validation errors in the input.
	ErrInvalid = errors.New("invalid item")
)

// Item is the resource returned by the API.
type Item struct {
	ID        string    `json:"id"`
	Name      string    `json:"name"`
	CreatedAt time.Time `json:"created_at"`
	UpdatedAt time.Time `json:"updated_at"`
}

// Input is the request body to create or replace an item.
type Input struct {
	Name string `json:"name"`
}

// Validate reports whether in can be stored.
func (in Input) Validate() error {
	name := strings.TrimSpace(in.Name)
	switch {
	case name == "":
		return fmt.Errorf("%w: name is required", ErrInvalid)
	case len(name) > 200:
		return fmt.Errorf("%w: name must be at most 200 characters", ErrInvalid)
	}
	return nil
}

// Store persists items.
type Store interface {
	List(ctx context.Context) ([]Item, error)
	Get(ctx context.Context, id string) (Item, error)
	Create(ctx context.Context, in Input) (Item, error)
	Update(ctx context.Context, id string, in Input) (Item, error)
	Delete(ctx context.Context, id string) error
}

// MemoryStore keeps items in memory. Each replica has its own copy and
// everything is lost on restart, so it is only for trying the API out.
type MemoryStore struct {
	mu    sync.RWMutex
	items map[string]Item
}

func NewMemoryStore() *MemoryStore {
	return &MemoryStore{items: map[string]Item{}}
}

// List returns every item, oldest first.
func (s *MemoryStore) List(ctx context.Context) ([]Item, error) {
	s.mu.RLock()
	defer s.mu.RUnlock()
	out := make([]Item, 0, len(s.items))
	for _, it := range s.items {
		out = append(out, it)
	}
	slices.SortFunc(out, func(a, b Item) int {
		return cmp.Or(a.CreatedAt.Compare(b.CreatedAt), strings.Compare(a.ID, b.ID))
	})
	return out, nil
}

func (s *MemoryStore) Get(ctx context.Context, id string) (Item, error) {
	s.mu.RLock()
	defer s.mu.RUnlock()
	it, ok := s.items[id]
	if !ok {
		return Item{}, fmt.Errorf("%w: %s", ErrNotFound, id)
	}
	return it, nil
}

func (s *MemoryStore) Create(ctx context.Context, in Input) (Item, error) {
	if err := in.Validate(); err != nil {
		return Item{}, err
	}
	now := time.Now().UTC()
	it := Item{ID: rand.Text(), Name: strings.TrimSpace(in.Name), CreatedAt: now, UpdatedAt: now}

	s.mu.Lock()
	defer s.mu.Unlock()
	s.items[it.ID] = it
	return it, nil
}

func (s *MemoryStore) Update(ctx context.Context, id string, in Input) (Item, error) {
	if err := in.Validate(); err != nil {
		return Item{}, err
	}
	s.mu.Lock()
	defer s.mu.Unlock()
	it, ok := s.items[id]
	if !ok {
		return Item{}, fmt.Errorf("%w: %s", ErrNotFound, id)
	}
	it.Name = strings.TrimSpace(in.Name)
	it.UpdatedAt = time.Now().UTC()
	s.items[id] = it
	return it, nil
}

func (s *MemoryStore) Delete(ctx context.Context, id string) error {
	s.mu.Lock()
	defer s.mu.Unlock()
	if _, ok := s.items[id]; !ok {
		return fmt.Errorf("%w: %s", ErrNotFound, id)
	}
	delete(s.items, id)
	return nil
}
-- internal/items/items_test.go --
package items

import (
	"context"
	"errors"
	"testing"
)

func TestMemoryStore(t *testing.T) {
	ctx := context.Background()
	s := NewMemoryStore()

	created, err := s.Create(ctx, Input{Name: "  first  "})
	if err != nil {
		t.Fatal(err)
	}
	if created.ID == "" || created.Name != "first" {
		t.Fatalf("Create = %+v, want an ID and a trimmed name", created)
	}

	updated, err := s.Update(ctx, created.ID, Input{Name: "renamed"})
	if err != nil {
		t.Fatal(err)
	}
	if updated.Name != "renamed" || !updated.CreatedAt.Equal(created.CreatedAt) {
		t.Errorf("Update = %+v, want new name and unchanged CreatedAt", updated)
	}

	list, err := s.List(ctx)
	if err != nil || len(list) != 1 {
		t.Fatalf("List = %v, %v; want one item", list, err)
	}

	if err := s.Delete(ctx, created.ID); err != nil {
		t.Fatal(err)
	}
	if _, err := s.Get(ctx, created.ID); !errors.Is(err, ErrNotFound) {
		t.Errorf("Get after Delete: err = %v, want ErrNotFound", err)
	}
}

func TestMemoryStoreErrors(t *testing.T) {
	ctx := context.Background()
	s := NewMemoryStore()

	if _, err := s.Create(ctx, Input{Name: "   "}); !errors.Is(err, ErrInvalid) {
		t.Errorf("Create blank name: err = %v, want ErrInvalid", err)
	}
	if _, err := s.Update(ctx, "missing", Input{Name: "x"}); !errors.Is(err, ErrNotFound) {
		t.Errorf("Update missing: err = %v, want ErrNotFound", err)
	}
	if err := s.Delete(ctx, "missing"); !errors.Is(err, ErrNotFound) {
		t.Errorf("Delete missing: err = %v, want ErrNotFound", err)
	}
}
-- internal/server/health.go --
package server

import (
	"context"
	"encoding/json"
	"log"
	"net/http"
	"time"
)

// livez is the liveness probe. It only reports that the process can serve
// HTTP and deliberately ignores dependencies: if it failed during a database
// outage, Kubernetes would restart every pod at once and make things worse.
func (s *Server) livez(w http.ResponseWriter, r *http.Request) {
	writeJSON(w, http.StatusOK, map[string]string{"status": "up"})
}

// readyz is the readiness probe. It fails while the server is shutting down
// or a dependency is down, so Kubernetes stops routing traffic to this pod
// without restarting it.
func (s *Server) readyz(w http.ResponseWriter, r *http.Request) {
	if s.draining.Load() {
		writeJSON(w, http.StatusServiceUnavailable, map[string]string{"status": "shutting down"})
		return
	}
	code, res := s.health(r.Context())
	writeJSON(w, code, res)
}

// healthz reports each dependency, for people and monitoring.
func (s *Server) healthz(w http.ResponseWriter, r *http.Request) {
	code, res := s.health(r.Context())
	writeJSON(w, code, res)
}

// health runs every check and reports each one as "up" or "down", plus the
// HTTP code to answer with.
func (s *Server) health(ctx context.Context) (int, map[string]string) {
	ctx, cancel := context.WithTimeout(ctx, 2*time.Second)
	defer cancel()

	code, res := http.StatusOK, map[string]string{"status": "up"}
	for name, check := range s.checks {
		if err := check(ctx); err != nil {
			log.Printf("health check %s: %v", name, err)
			res[name] = "down"
			res["status"] = "down"
			code = http.StatusServiceUnavailable
			continue
		}
		res[name] = "up"
	}
	return code, res
}

func writeJSON(w http.ResponseWriter, code int, v any) {
	w.Header().Set("Content-Type", "application/json")
	w.WriteHeader(code)
	if err := json.NewEncoder(w).Encode(v); err != nil {
		log.Printf("write response: %v", err)
	}
}
-- internal/server/health_test.go --
package server

import (
	"context"
	"errors"
	"net/http"
	"testing"
)

func TestProbes(t *testing.T) {
	s := newTestServer()
	h := s.Handler()
	for _, path := range []string{"/livez", "/readyz", "/health"} {
		if rec := do(t, h, http.MethodGet, path, "", nil); rec.Code != http.StatusOK {
			t.Errorf("GET %s = %d, want %d", path, rec.Code, http.StatusOK)
		}
	}
}

func TestReadyzFailsWhenDependencyIsDown(t *testing.T) {
	s := newTestServer()
	s.checks = map[string]func(context.Context) error{
		"database": func(context.Context) error { return errors.New("connection refused") },
	}
	h := s.Handler()

	var body map[string]string
	if rec := do(t, h, http.MethodGet, "/readyz", "", &body); rec.Code != http.StatusServiceUnavailable {
		t.Errorf("GET /readyz = %d, want %d", rec.Code, http.StatusServiceUnavailable)
	}
	if body["database"] != "down" {
		t.Errorf("body = %v, want database down", body)
	}
	// Liveness ignores dependencies, so the pod is not restarted.
	if rec := do(t, h, http.MethodGet, "/livez", "", nil); rec.Code != http.StatusOK {
		t.Errorf("GET /livez = %d, want %d", rec.Code, http.StatusOK)
	}
}

func TestReadyzFailsWhileDraining(t *testing.T) {
	s := newTestServer()
	s.draining.Store(true)
	h := s.Handler()

	if rec := do(t, h, http.MethodGet, "/readyz", "", nil); rec.Code != http.StatusServiceUnavailable {
		t.Errorf("GET /readyz = %d, want %d", rec.Code, http.StatusServiceUnavailable)
	}
	if rec := do(t, h, http.MethodGet, "/livez", "", nil); rec.Code != http.StatusOK {
		t.Errorf("GET /livez = %d, want %d", rec.Code, http.StatusOK)
	}
}
-- internal/server/items.go --
package server

import (
	"net/http"

	"github.com/labstack/echo/v5"

	"github.com/example/my-api/internal/items"
)

func (s *Server) itemRoutes(g *echo.Group) {
	g.GET("", s.listItems)
	g.POST("", s.createItem)
	g.GET("/:id", s.getItem)
	g.PUT("/:id", s.updateItem)
	g.DELETE("/:id", s.deleteItem)
}

// Errors are written with writeProblem, so handlers return nil after it.

func (s *Server) listItems(c *echo.Context) error {
	list, err := s.items.List(c.Request().Context())
	if err != nil {
		writeProblem(c.Response(), err)
		return nil
	}
	return c.JSON(http.StatusOK, itemList{Items: list})
}

func (s *Server) createItem(c *echo.Context) error {
	var in items.Input
	if err := decodeJSON(c.Request(), &in); err != nil {
		writeProblem(c.Response(), err)
		return nil
	}
	it, err := s.items.Create(c.Request().Context(), in)
	if err != nil {
		writeProblem(c.Response(), err)
		return nil
	}
	c.Response().Header().Set("Location", "/api/v1/items/"+it.ID)
	return c.JSON(http.StatusCreated, it)
}

func (s *Server) getItem(c *echo.Context) error {
	it, err := s.items.Get(c.Request().Context(), c.Param("id"))
	if err != nil {
		writeProblem(c.Response(), err)
		return nil
	}
	return c.JSON(http.StatusOK, it)
}

func (s *Server) updateItem(c *echo.Context) error {
	var in items.Input
	if err := decodeJSON(c.Request(), &in); err != nil {
		writeProblem(c.Response(), err)
		return nil
	}
	it, err := s.items.Update(c.Request().Context(), c.Param("id"), in)
	if err != nil {
		writeProblem(c.Response(), err)
		return nil
	}
	return c.JSON(http.StatusOK, it)
}

func (s *Server) deleteItem(c *echo.Context) error {
	if err := s.items.Delete(c.Request().Context(), c.Param("id")); err != nil {
		writeProblem(c.Response(), err)
		return nil
	}
	return c.NoContent(http.StatusNoContent)
}
-- internal/server/items_test.go --
package server

import (
	"net/http"
	"strings"
	"testing"

	"github.com/example/my-api/internal/items"
)

// TestItemsAPI walks the /api/v1/items resource through its whole life cycle.
func TestItemsAPI(t *testing.T) {
	h := newTestServer().Handler()

	var created items.Item
	rec := do(t, h, http.MethodPost, "/api/v1/items", `{"name":"first"}`, &created)
	if rec.Code != http.StatusCreated {
		t.Fatalf("POST = %d, want %d: %s", rec.Code, http.StatusCreated, rec.Body)
	}
	if created.ID == "" || created.Name != "first" {
		t.Fatalf("POST body = %+v", created)
	}
	if got, want := rec.Header().Get("Location"), "/api/v1/items/"+created.ID; got != want {
		t.Errorf("Location = %q, want %q", got, want)
	}

	var list struct{ Items []items.Item }
	if rec := do(t, h, http.MethodGet, "/api/v1/items", "", &list); rec.Code != http.StatusOK || len(list.Items) != 1 {
		t.Errorf("GET list = %d with %d items, want 200 with 1", rec.Code, len(list.Items))
	}

	var updated items.Item
	if rec := do(t, h, http.MethodPut, "/api/v1/items/"+created.ID, `{"name":"renamed"}`, &updated); rec.Code != http.StatusOK || updated.Name != "renamed" {
		t.Errorf("PUT = %d %+v, want 200 renamed", rec.Code, updated)
	}

	var got items.Item
	if rec := do(t, h, http.MethodGet, "/api/v1/items/"+created.ID, "", &got); rec.Code != http.StatusOK || got.Name != "renamed" {
		t.Errorf("GET = %d %+v, want 200 renamed", rec.Code, got)
	}

	if rec := do(t, h, http.MethodDelete, "/api/v1/items/"+created.ID, "", nil); rec.Code != http.StatusNoContent {
		t.Errorf("DELETE = %d, want %d", rec.Code, http.StatusNoContent)
	}

	rec = do(t, h, http.MethodGet, "/api/v1/items/"+created.ID, "", nil)
	if rec.Code != http.StatusNotFound {
		t.Errorf("GET after DELETE = %d, want %d", rec.Code, http.StatusNotFound)
	}
	if ct := rec.Header().Get("Content-Type"); !strings.HasPrefix(ct, "application/problem+json") {
		t.Errorf("error Content-Type = %q, want application/problem+json", ct)
	}
}

func TestItemsAPIValidation(t *testing.T) {
	h := newTestServer().Handler()

	var p struct {
		Status int    `json:"status"`
		Detail string `json:"detail"`
	}
	rec := do(t, h, http.MethodPost, "/api/v1/items", `{"name":""}`, &p)
	if rec.Code != http.StatusUnprocessableEntity || p.Status != http.StatusUnprocessableEntity {
		t.Errorf("POST empty name = %d (body status %d), want %d", rec.Code, p.Status, http.StatusUnprocessableEntity)
	}

	if rec := do(t, h, http.MethodPut, "/api/v1/items/missing", `{"name":"x"}`, nil); rec.Code != http.StatusNotFound {
		t.Errorf("PUT missing = %d, want %d", rec.Code, http.StatusNotFound)
	}
	if rec := do(t, h, http.MethodPost, "/api/v1/items", `{not json`, nil); rec.Code != http.StatusBadRequest {
		t.Errorf("POST malformed JSON = %d, want %d", rec.Code, http.StatusBadRequest)
	}
}
-- internal/server/respond.go --
package server

import (
	"encoding/json"
	"errors"
	"fmt"
	"io"
	"log"
	"net/http"

	"github.com/example/my-api/internal/items"
)

// errBadRequest marks errors caused by a malformed request.
var errBadRequest = errors.New("bad request")

// maxBodyBytes limits the request bodies decodeJSON reads.
const maxBodyBytes = 1 << 20

// decodeJSON reads a JSON request body into v and rejects unknown fields.
func decodeJSON(r *http.Request, v any) error {
	dec := json.NewDecoder(io.LimitReader(r.Body, maxBodyBytes))
	dec.DisallowUnknownFields()
	if err := dec.Decode(v); err != nil {
		return fmt.Errorf("%w: invalid JSON body: %v", errBadRequest, err)
	}
	return nil
}

// itemList is the response body of GET /api/v1/items. An object rather than
// a bare array leaves room for pagination fields later.
type itemList struct {
	Items []items.Item `json:"items"`
}

// problem is an RFC 9457 error response body.
type problem struct {
	Title  string `json:"title"`
	Status int    `json:"status"`
	Detail string `json:"detail,omitempty"`
}

// writeProblem answers with the problem that matches err. Unexpected errors
// are logged and their details are not sent to the client.
func writeProblem(w http.ResponseWriter, err error) {
	status := http.StatusInternalServerError
	switch {
	case errors.Is(err, errBadRequest):
		status = http.StatusBadRequest
	case errors.Is(err, items.ErrNotFound):
		status = http.StatusNotFound
	case errors.Is(err, items.ErrInvalid):
		status = http.StatusUnprocessableEntity
	}
	p := problem{Title: http.StatusText(status), Status: status}
	if status == http.StatusInternalServerError {
		log.Printf("internal error: %v", err)
	} else {
		p.Detail = err.Error()
	}

	w.Header().Set("Content-Type", "application/problem+json")
	w.WriteHeader(status)
	if err := json.NewEncoder(w).Encode(p); err != nil {
		log.Printf("write response: %v", err)
	}
}
-- internal/server/routes.go --
package server

import (
	"github.com/labstack/echo/v5"
	"github.com/labstack/echo/v5/middleware"
	"net/http"
)

// RegisterRoutes returns the router with every API route mounted. The
// probes (/livez, /readyz, /health) are served by Handler.
func (s *Server) RegisterRoutes() http.Handler {
	e := echo.New()
	e.Use(middleware.RequestLogger(), middleware.Recover())

	e.GET("/", s.helloHandler)
	s.itemRoutes(e.Group("/api/v1/items"))

	return e
}

func (s *Server) helloHandler(c *echo.Context) error {
	return c.JSON(http.StatusOK, map[string]string{"message": "Hello World"})
}
-- internal/server/routes_test.go --
package server

import (
	"encoding/json"
	"net/http"
	"net/http/httptest"
	"strings"
	"testing"

	"github.com/example/my-api/internal/items"
)

// newTestServer returns a Server without external dependencies, so every
// health check passes.
func newTestServer() *Server {
	return &Server{items: items.NewMemoryStore()}
}

// do sends a request through the full handler and decodes a JSON response
// into out, if out is not nil.
func do(t *testing.T, h http.Handler, method, path, body string, out any) *httptest.ResponseRecorder {
	t.Helper()
	req := httptest.NewRequest(method, path, strings.NewReader(body))
	if body != "" {
		req.Header.Set("Content-Type", "application/json")
	}
	rec := httptest.NewRecorder()
	h.ServeHTTP(rec, req)
	if out != nil {
		if err := json.Unmarshal(rec.Body.Bytes(), out); err != nil {
			t.Fatalf("%s %s: decode %q: %v", method, path, rec.Body.String(), err)
		}
	}
	return rec
}

func TestHello(t *testing.T) {
	var body map[string]string
	rec := do(t, newTestServer().Handler(), http.MethodGet, "/", "", &body)
	if rec.Code != http.StatusOK {
		t.Fatalf("status = %d, want %d", rec.Code, http.StatusOK)
	}
	if got, want := body["message"], "Hello World"; got != want {
		t.Errorf("message = %q, want %q", got, want)
	}
}
-- internal/server/server.go --
package server

import (
	"context"
	"fmt"
	"log"
	"net/http"
	"os"
	"sync/atomic"
	"time"

	"github.com/example/my-api/internal/items"
)

// Server is the HTTP server and the dependencies its handlers need.
type Server struct {
	srv           *http.Server
	draining      atomic.Bool   // set by Shutdown; fails /readyz
	shutdownDelay time.Duration // SHUTDOWN_DELAY, see Shutdown
	closers       []func() error

	// checks are run by /readyz and /health, keyed by the name shown in the
	// response.
	checks map[string]func(context.Context) error
	items  items.Store
}

// New connects the dependencies and builds the HTTP server. Call Close when
// done to release them.
func New(ctx context.Context) (*Server, error) {
	delay, err := time.ParseDuration(getenv("SHUTDOWN_DELAY", "0s"))
	if err != nil {
		return nil, fmt.Errorf("SHUTDOWN_DELAY: %w", err)
	}
	s := &Server{
		shutdownDelay: delay,
		checks:        map[string]func(context.Context) error{},
		// In memory, so every replica has its own items. Swap in a
		// database-backed items.Store before running more than one replica.
		items: items.NewMemoryStore(),
	}

	s.srv = &http.Server{
		Addr:              ":" + getenv("PORT", "8080"),
		Handler:           s.Handler(),
		ReadHeaderTimeout: 5 * time.Second,
		ReadTimeout:       10 * time.Second,
		WriteTimeout:      30 * time.Second,
		IdleTimeout:       time.Minute,
	}
	return s, nil
}

// Handler serves the probes and the API. The probes are mounted outside the
// framework router so they stay cheap and don't fill the request log.
func (s *Server) Handler() http.Handler {
	mux := http.NewServeMux()
	mux.HandleFunc("GET /livez", s.livez)
	mux.HandleFunc("GET /readyz", s.readyz)
	mux.HandleFunc("GET /health", s.healthz)
	mux.Handle("/", s.RegisterRoutes())
	return mux
}

// Addr is the address the server listens on, e.g. ":8080".
func (s *Server) Addr() string { return s.srv.Addr }

// ListenAndServe serves until Shutdown; it then returns http.ErrServerClosed.
func (s *Server) ListenAndServe() error { return s.srv.ListenAndServe() }

// Shutdown stops the server without dropping requests during a Kubernetes
// rolling update. It first fails /readyz so the pod is taken out of the
// Service, waits SHUTDOWN_DELAY for ingress-nginx to stop sending new
// requests, then stops listening and waits for in-flight requests to finish.
func (s *Server) Shutdown(ctx context.Context) error {
	s.draining.Store(true)
	if s.shutdownDelay > 0 {
		log.Printf("draining for %s", s.shutdownDelay)
		select {
		case <-time.After(s.shutdownDelay):
		case <-ctx.Done():
			return ctx.Err()
		}
	}
	return s.srv.Shutdown(ctx)
}

// Close releases the dependencies in reverse order of creation.
func (s *Server) Close() {
	for i := len(s.closers) - 1; i >= 0; i-- {
		if err := s.closers[i](); err != nil {
			log.Printf("close: %v", err)
		}
	}
}

func getenv(key, fallback string) string {
	if v, ok := os.LookupEnv(key); ok && v != "" {
		return v
	}
	return fallback
}
